src/pages/UploadNotesPage.tsx(117,47): error TS6133: 'fileName' is declared but its value is never read.
